// Vitest Snapshot v1

exports[`Counter.vue > should render 1`] = `"<div>10 <button inc=\\"\\"> + </button><button dec=\\"\\"> - </button></div>"`;
